line 0 stuck
depth1 0 stuck probes 450 sec 2.1
depth2 43 stuck probes 538161 sec 2374.6
fixed_idx [0, 1, 16, 30, 31, 45, 46, 48, 60, 61, 76, 105, 106, 108, 135, 136, 138, 165, 166, 168, 170, 172, 176, 195, 196, 198, 200, 202, 204, 205, 206, 207, 208, 209, 210, 211, 213, 215, 217, 220, 221, 222, 224] values [0]
depth3 225 solved probes 38847 sec 130.6
............###
..............#
..........###.#
............#..
........###.#..
..........#....
......###.#....
........#......
....###.#......
......#........
..###.#........
....#..........
###.#..........
..#............
..#............
